[?25l[?2004hTest Project                           │Select a child specification to view   [K
=======================================│its details                            [K
                                       │                                       [K
This project is meant to help tests    │                                       [K
pass                                   │                                       [K
                                       │                                       [K
[No linked commits found]              │                                       [K
                                       │                                       [K
Implementations:                       │                                       [K
  Rust Implementation                  │                                       [K
                                       │                                       [K
Children:                              │                                       [K
  Hello World                          │                                       [K
  Lorem Ipsum command should print a … │                                       [K
                                       │                                       [K
                                       │                                       [K
                                       │                                       [K
                                       │                                       [K
                                       │                                       [K
                                       │                                       [K
                                       │                                       [K
                                       │                                       [K
                                       │                                       [K
                                       │                                       [K[80D