[?25l[?2004hTest Project                                                                    
================================================================================
                                                                                
This project is meant to help tests pass                                        
                                                                                
[No linked commits found]                                                       
                                                                                
                                                                                
Implementations:                                                                
    Rust Implementation                                                         
                                                                                
Child Nodes:                                                                    
      Hello World                                                               
      Lorem Ipsum command should print a few paragraphs of Lorem Ipsum          
                                                                                [80D