[?25l[?2004hac ante ipsum primis in faucibus. Praesent orci sem, maximus quis lacus         
consectetur, efficitur porttitor ex. Donec non lobortis quam. Proin nisi metus, 
interdum at est et, ultrices efficitur arcu.                                    
                                                                                
Suspendisse potenti. Pellentesque libero tortor, ornare eu condimentum at,      
tempus et ante. Vestibulum quis nulla arcu. Donec iaculis ipsum id enim pulvinar
pulvinar. Pellentesque eu semper mauris, nec faucibus felis. Vestibulum ante    
ipsum primis in faucibus orci luctus et ultrices posuere cubilia curae; Proin ut
dapibus tellus, quis dignissim diam. Ut hendrerit vitae orci vitae maximus.     
                                                                                
Nullam quis urna fringilla, bibendum odio et, sodales neque. Proin erat libero, 
elementum in magna id, lobortis ultrices ante. Vivamus quis augue vitae lectus  
hendrerit finibus in laoreet augue. Donec consectetur nisl neque, sollicitudin  
pellentesque nisi tempus eget. Ut eu dolor non mauris feugiat tempus sit amet ut
velit. Sed mattis eget nunc sed varius. Vestibulum in libero a mauris fermentum 
dignissim. Morbi cursus consequat placerat. Nunc efficitur sem at ligula semper,
non dapibus justo tincidunt. Praesent tristique semper nisl, in eleifend mauris 
efficitur vitae. Nam gravida elit sem, vel accumsan metus dictum quis. Integer  
nibh turpis, tristique ut sem tempor, convallis tincidunt eros. Vivamus         
vestibulum massa sed lorem maximus, vitae ullamcorper lorem dictum.             
                                                                                
[No linked commits found]                                                       
                                                                                
[No children]                                                                   [80D