[?25l[?2004hHello World                                                                     
================================================================================
                                                                                
The program should print out "Hello World"                                      
                                                                                
[No linked commits found]                                                       
                                                                                
                                                                                
Child Nodes:                                                                    
  -                                                                             
                                                                                [80D