[?25l[?2004hHello World                                                                     
================================================================================
                                                                                
  🔗 Choose spec to link to                                                     
                                                                                
  3 items                                                                       
                                                                                
> Hello World Function                                                          
  Rust Implementation                                                           
  Test Project                                                                  
                                                                                
                                                                                
                                                                                
                                                                                
                                                                                
                                                                                
                                                                                
                                                                                
                                                                                
                                                                                
                                                                                
                                                                                
                                                                                [80D