[?25l[?2004h  🔗 Link to Specification  [K
                            [K
  1 item                    [K
                            [K
> Other Spec                [K
                            [K
                            [K
                            [K
                            [K
                            [K
                            [K
                            [K
                            [K
                            [K
                            [K
                            [K
                            [K
                            [K
                            [K
                            [K
                            [K
                            [K
                            [K
                            [K[80D