[22AHello World                                                                     
================================================================================
                                                                                
  Filter:                                                                       
                                                                                
  3 items                                                                       
                                                                                
> Hello World Function                                                          
  Rust Implementation                                                           
  Lorem Ipsum command should print a few paragraphs of Lorem Ipsum              
                                                                                
                                                                                
                                                                                
                                                                                
                                                                                
                                                                                
                                                                                
                                                                                
                                                                                
                                                                                
                                                                                
                                                                                
                                                                                [80D