[?25l[?2004hTest Spec Editor[K
================[K
[K
> Initial TitleX                                                                
[K
┃   1 Initial Content                                                           
┃                                                                               
┃         ╭─────────────────────────────────────────────────────────────╮       
┃         │                                                             │       
┃         │  ⚠️  Unsaved Changes                                        │       
┃         │  You have unsaved changes. Are you sure you want to exit?   │       
┃         │                                                             │       
┃         │  Press 'y' to exit without saving, 'n' to continue editing  │       
┃         │                                                             │       
┃         ╰─────────────────────────────────────────────────────────────╯       
┃                                                                               
┃                                                                               
┃                                                                               
┃                                                                               
┃                                                                               
┃                                                                               
[K
Press Tab/Shift+Tab to switch fields, Ctrl+S to save, Esc to cancel[K[80D