[?25l[?2004hHello World                                                                     
================================================================================
                                                                                
Commit Hash: > E                                                                
Repository: > /test/repo                                                        
                                                                                
                                                                                
> implements                                                                    
                                                                                
Press Tab/Shift+Tab to switch fields, Enter to submit, Esc to cancel            [80D