[?25l[?2004hHello World                                                                     
================================================================================
                                                                                
Commit Hash: > Enter git commit hash                                            
Repository: > /test/repo                                                        
                                                                                
  Link Type                                                                     
                                                                                
> Implementation                                                                
  Fix                                                                           
  Refactor                                                                      
  Documentation                                                                 
  Test                                                                          
                                                                                
Press Tab/Shift+Tab to switch fields, Enter to submit, Esc to cancel            [80D