[?25l[?2004h  🔗 Link Type Selection           [K
                                   [K
  Select link …                    [K
                                   [K
> [G]it Commit                     [K
  [S]pecification                  [K
                                   [K
                                   [K
                                   [K
                                   [K
                                   [K
                                   [K
                                   [K
                                   [K
                                   [K
                                   [K
                                   [K
                                   [K
                                   [K
                                   [K
                                   [K
                                   [K
                                   [K
                                   [K[80D