[?25l[?2004hHello World                                                                     
================================================================================
                                                                                
  Select link type to add:                                                      
                                                                                
> [G]it Commit                                                                  
  [C]hild Specification                                                         
  [P]arent Specification                                                        
                                                                                
                                                                                
                                                                                
                                                                                
                                                                                
                                                                                
                                                                                
                                                                                
                                                                                
                                                                                
                                                                                
                                                                                
                                                                                
                                                                                
                                                                                
                                                                                [80D