[?25l[?2004hTest Spec Editor[K
================[K
[K
> Initial TitleXZ                                                               
[K
┃   1 Initial Content                                                           
┃                                                                               
┃                                                                               
┃                                                                               
┃                                                                               
┃                                                                               
┃                                                                               
┃                                                                               
┃                                                                               
┃                                                                               
┃                                                                               
┃                                                                               
┃                                                                               
┃                                                                               
┃                                                                               
┃                                                                               
[K
Press Tab/Shift+Tab to switch fields, Ctrl+S to save, Esc to cancel[K[80D